// Jest Snapshot v1, https://goo.gl/fbAQLP

exports[`TodoItem should properly render self when completed false 1`] = `
<li
  onClick={[Function]}
>
  xxx
   
  -
</li>
`;

exports[`TodoItem should properly render self when completed true 1`] = `
<li
  onClick={[Function]}
>
  xxx
   
  +
</li>
`;
